Flow report for Assignment-4
Tue May 04 13:08:15 2021
Quartus Prime Version 15.1.0 Build 185 10/21/2015 SJ Lite Edition


---------------------
; Table of Contents ;
---------------------
  1. Legal Notice
  2. Flow Summary
  3. Flow Settings
  4. Flow Non-Default Global Settings
  5. Flow Elapsed Time
  6. Flow OS Summary
  7. Flow Log
  8. Flow Messages
  9. Flow Suppressed Messages



----------------
; Legal Notice ;
----------------
Copyright (C) 1991-2015 Altera Corporation. All rights reserved.
Your use of Altera Corporation's design tools, logic functions 
and other software and tools, and its AMPP partner logic 
functions, and any output files from any of the foregoing 
(including device programming or simulation files), and any 
associated documentation or information are expressly subject 
to the terms and conditions of the Altera Program License 
Subscription Agreement, the Altera Quartus Prime License Agreement,
the Altera MegaCore Function License Agreement, or other 
applicable license agreement, including, without limitation, 
that your use is for the sole purpose of programming logic 
devices manufactured by Altera and sold by Altera or its 
authorized distributors.  Please refer to the applicable 
agreement for further details.



+----------------------------------------------------------------------------------+
; Flow Summary                                                                     ;
+------------------------------------+---------------------------------------------+
; Flow Status                        ; Successful - Tue May 04 13:08:15 2021       ;
; Quartus Prime Version              ; 15.1.0 Build 185 10/21/2015 SJ Lite Edition ;
; Revision Name                      ; Assignment-4                                ;
; Top-level Entity Name              ; comparator_4_bit                            ;
; Family                             ; Cyclone IV GX                               ;
; Total logic elements               ; 9                                           ;
;     Total combinational functions  ; 9                                           ;
;     Dedicated logic registers      ; 0                                           ;
; Total registers                    ; 0                                           ;
; Total pins                         ; 11                                          ;
; Total virtual pins                 ; 0                                           ;
; Total memory bits                  ; 0                                           ;
; Embedded Multiplier 9-bit elements ; 0                                           ;
; Total GXB Receiver Channel PCS     ; 0                                           ;
; Total GXB Receiver Channel PMA     ; 0                                           ;
; Total GXB Transmitter Channel PCS  ; 0                                           ;
; Total GXB Transmitter Channel PMA  ; 0                                           ;
; Total PLLs                         ; 0                                           ;
+------------------------------------+---------------------------------------------+


+-----------------------------------------+
; Flow Settings                           ;
+-------------------+---------------------+
; Option            ; Setting             ;
+-------------------+---------------------+
; Start date & time ; 05/04/2021 13:07:25 ;
; Main task         ; Compilation         ;
; Revision Name     ; Assignment-4        ;
+-------------------+---------------------+


+---------------------------------------------------------------------------------------------------------------------------+
; Flow Non-Default Global Settings                                                                                          ;
+-------------------------------------+---------------------------------+---------------+------------------+----------------+
; Assignment Name                     ; Value                           ; Default Value ; Entity Name      ; Section Id     ;
+-------------------------------------+---------------------------------+---------------+------------------+----------------+
; COMPILER_SIGNATURE_ID               ; 168202116130616.162011384523992 ; --            ; --               ; --             ;
; EDA_OUTPUT_DATA_FORMAT              ; Vhdl                            ; --            ; --               ; eda_simulation ;
; EDA_SIMULATION_TOOL                 ; ModelSim-Altera (VHDL)          ; <None>        ; --               ; --             ;
; PARTITION_COLOR                     ; 16764057                        ; --            ; comparator_4_bit ; Top            ;
; PARTITION_FITTER_PRESERVATION_LEVEL ; PLACEMENT_AND_ROUTING           ; --            ; comparator_4_bit ; Top            ;
; PARTITION_NETLIST_TYPE              ; SOURCE                          ; --            ; comparator_4_bit ; Top            ;
; PROJECT_OUTPUT_DIRECTORY            ; output_files                    ; --            ; --               ; --             ;
; TOP_LEVEL_ENTITY                    ; comparator_4_bit                ; Assignment-4  ; --               ; --             ;
+-------------------------------------+---------------------------------+---------------+------------------+----------------+


+--------------------------------------------------------------------------------------------------------------------------+
; Flow Elapsed Time                                                                                                        ;
+----------------------+--------------+-------------------------+---------------------+------------------------------------+
; Module Name          ; Elapsed Time ; Average Processors Used ; Peak Virtual Memory ; Total CPU Time (on all processors) ;
+----------------------+--------------+-------------------------+---------------------+------------------------------------+
; Analysis & Synthesis ; 00:00:10     ; 1.0                     ; 5018 MB             ; 00:00:22                           ;
; EDA Netlist Writer   ; 00:00:01     ; 1.0                     ; 4879 MB             ; 00:00:01                           ;
; EDA Netlist Writer   ; 00:00:00     ; 1.0                     ; 4884 MB             ; 00:00:01                           ;
; Total                ; 00:00:11     ; --                      ; --                  ; 00:00:24                           ;
+----------------------+--------------+-------------------------+---------------------+------------------------------------+


+-----------------------------------------------------------------------------------+
; Flow OS Summary                                                                   ;
+----------------------+------------------+-----------+------------+----------------+
; Module Name          ; Machine Hostname ; OS Name   ; OS Version ; Processor type ;
+----------------------+------------------+-----------+------------+----------------+
; Analysis & Synthesis ; Lucifer          ; Windows 8 ; 6.2        ; x86_64         ;
; EDA Netlist Writer   ; Lucifer          ; Windows 8 ; 6.2        ; x86_64         ;
; EDA Netlist Writer   ; Lucifer          ; Windows 8 ; 6.2        ; x86_64         ;
+----------------------+------------------+-----------+------------+----------------+


------------
; Flow Log ;
------------
quartus_map --read_settings_files=on --write_settings_files=off Assignment-4 -c Assignment-4
quartus_eda --gen_testbench --tool=modelsim_oem --format=verilog --write_settings_files=off Assignment-4 -c Assignment-4 --vector_source="C:/Users/anike/OneDrive/Desktop/Lab 4/Waveform1.vwf" --testbench_file="C:/Users/anike/OneDrive/Desktop/Lab 4/simulation/qsim/Waveform1.vwf.vt"
quartus_eda --write_settings_files=off --functional=on --flatten_buses=off --simulation=on --tool=modelsim_oem --format=verilog --output_directory="C:/Users/anike/OneDrive/Desktop/Lab 4/simulation/qsim/" Assignment-4 -c Assignment-4



